// Jest Snapshot v1, https://goo.gl/fbAQLP

exports[`DragLabel matches snapshot 1`] = `
<div
  className="labelWrapper"
>
  <span
    className="nodeIcon"
  >
    <test-file-stub
      className="dbKodaSVG shardIcon"
      height={30}
      width={30}
    />
  </span>
  <span
    className="nodeLbl"
    style={
      Object {
        "cursor": "move",
        "opacity": 1,
        "width": "100%",
      }
    }
  >
    long:8888
  </span>
  <span
    className="additionalActions"
  />
</div>
`;
